// Jest Snapshot v1, https://goo.gl/fbAQLP

exports[`Comment content Should match the snapshot 1`] = `
<div
  class="sc-bdnylx iPnIIX"
>
  Here is some content
</div>
`;
